Archive member included to satisfy reference by file (symbol)

/home/aluno/MPLAB/arm-none-eabi/bin/../lib/gcc/arm-none-eabi/6.3.1/thumb/v6-m/libgcc.a(_thumb1_case_uqi.o)
                              build/Release/debug/_ext/1900123450/clock.o (__gnu_thumb1_case_uqi)
/home/aluno/MPLAB/arm-none-eabi/bin/../lib/gcc/arm-none-eabi/6.3.1/thumb/v6-m/libgcc.a(_udivsi3.o)
                              build/Release/debug/_ext/1900123450/clock.o (__aeabi_uidiv)
/home/aluno/MPLAB/arm-none-eabi/bin/../lib/gcc/arm-none-eabi/6.3.1/thumb/v6-m/libgcc.a(_divsi3.o)
                              build/Release/debug/_ext/1360937237/main.o (__aeabi_idivmod)
/home/aluno/MPLAB/arm-none-eabi/bin/../lib/gcc/arm-none-eabi/6.3.1/thumb/v6-m/libgcc.a(_dvmd_tls.o)
                              /home/aluno/MPLAB/arm-none-eabi/bin/../lib/gcc/arm-none-eabi/6.3.1/thumb/v6-m/libgcc.a(_udivsi3.o) (__aeabi_idiv0)
/home/aluno/MPLAB/arm-none-eabi/bin/../lib/gcc/arm-none-eabi/6.3.1/../../../../arm-none-eabi/lib/thumb/v6-m/libg_nano.a(lib_a-exit.o)
                              /home/aluno/MPLAB/arm-none-eabi/bin/../lib/gcc/arm-none-eabi/6.3.1/../../../../arm-none-eabi/lib/thumb/v6-m/crt0.o (exit)
/home/aluno/MPLAB/arm-none-eabi/bin/../lib/gcc/arm-none-eabi/6.3.1/../../../../arm-none-eabi/lib/thumb/v6-m/libg_nano.a(lib_a-impure.o)
                              /home/aluno/MPLAB/arm-none-eabi/bin/../lib/gcc/arm-none-eabi/6.3.1/../../../../arm-none-eabi/lib/thumb/v6-m/libg_nano.a(lib_a-exit.o) (_global_impure_ptr)
/home/aluno/MPLAB/arm-none-eabi/bin/../lib/gcc/arm-none-eabi/6.3.1/../../../../arm-none-eabi/lib/thumb/v6-m/libg_nano.a(lib_a-init.o)
                              /home/aluno/MPLAB/arm-none-eabi/bin/../lib/gcc/arm-none-eabi/6.3.1/../../../../arm-none-eabi/lib/thumb/v6-m/crt0.o (__libc_init_array)
/home/aluno/MPLAB/arm-none-eabi/bin/../lib/gcc/arm-none-eabi/6.3.1/../../../../arm-none-eabi/lib/thumb/v6-m/libg_nano.a(lib_a-memset.o)
                              /home/aluno/MPLAB/arm-none-eabi/bin/../lib/gcc/arm-none-eabi/6.3.1/../../../../arm-none-eabi/lib/thumb/v6-m/crt0.o (memset)

Allocating common symbols
Common symbol       size              file

SP                  0x4               build/Release/debug/_ext/1360937237/rtos.o
PILHA_TAREFA_OCIOSA
                    0xa0              build/Release/debug/_ext/1360937237/main.o
PILHA_TAREFA_4      0xa0              build/Release/debug/_ext/1360937237/main.o
PILHA_TAREFA_2      0xa0              build/Release/debug/_ext/1360937237/main.o
PILHA_TAREFA_1      0xa0              build/Release/debug/_ext/1360937237/main.o
ponteiro_de_pilha   0x4               build/Release/debug/_ext/1360937237/rtos.o
tarefa_atual        0x1               build/Release/debug/_ext/1360937237/rtos.o
PILHA_TAREFA_6      0xa0              build/Release/debug/_ext/1360937237/main.o
PILHA_TAREFA_3      0xa0              build/Release/debug/_ext/1360937237/main.o
TCB                 0x30              build/Release/debug/_ext/1360937237/rtos.o
buffer              0xa               build/Release/debug/_ext/1360937237/main.o
Prioridades         0x5               build/Release/debug/_ext/1360937237/rtos.o
PILHA_TAREFA_8      0xa0              build/Release/debug/_ext/1360937237/main.o
proxima_tarefa      0x1               build/Release/debug/_ext/1360937237/rtos.o
PILHA_TAREFA_5      0xa0              build/Release/debug/_ext/1360937237/main.o
PILHA_TAREFA_7      0xa0              build/Release/debug/_ext/1360937237/main.o

Discarded input sections

 .text          0x0000000000000000        0x0 /home/aluno/MPLAB/arm-none-eabi/bin/../lib/gcc/arm-none-eabi/6.3.1/thumb/v6-m/crti.o
 .data          0x0000000000000000        0x0 /home/aluno/MPLAB/arm-none-eabi/bin/../lib/gcc/arm-none-eabi/6.3.1/thumb/v6-m/crti.o
 .bss           0x0000000000000000        0x0 /home/aluno/MPLAB/arm-none-eabi/bin/../lib/gcc/arm-none-eabi/6.3.1/thumb/v6-m/crti.o
 .data          0x0000000000000000        0x4 /home/aluno/MPLAB/arm-none-eabi/bin/../lib/gcc/arm-none-eabi/6.3.1/thumb/v6-m/crtbegin.o
 .text          0x0000000000000000       0x78 /home/aluno/MPLAB/arm-none-eabi/bin/../lib/gcc/arm-none-eabi/6.3.1/../../../../arm-none-eabi/lib/thumb/v6-m/crt0.o
 .data          0x0000000000000000        0x0 /home/aluno/MPLAB/arm-none-eabi/bin/../lib/gcc/arm-none-eabi/6.3.1/../../../../arm-none-eabi/lib/thumb/v6-m/crt0.o
 .bss           0x0000000000000000        0x0 /home/aluno/MPLAB/arm-none-eabi/bin/../lib/gcc/arm-none-eabi/6.3.1/../../../../arm-none-eabi/lib/thumb/v6-m/crt0.o
 .ARM.extab     0x0000000000000000        0x0 /home/aluno/MPLAB/arm-none-eabi/bin/../lib/gcc/arm-none-eabi/6.3.1/../../../../arm-none-eabi/lib/thumb/v6-m/crt0.o
 .ARM.exidx     0x0000000000000000        0x8 /home/aluno/MPLAB/arm-none-eabi/bin/../lib/gcc/arm-none-eabi/6.3.1/../../../../arm-none-eabi/lib/thumb/v6-m/crt0.o
 .ARM.attributes
                0x0000000000000000       0x1b /home/aluno/MPLAB/arm-none-eabi/bin/../lib/gcc/arm-none-eabi/6.3.1/../../../../arm-none-eabi/lib/thumb/v6-m/crt0.o
 .text          0x0000000000000000        0x0 build/Release/debug/_ext/1939168694/interrupt_sam_nvic.o
 .data          0x0000000000000000        0x0 build/Release/debug/_ext/1939168694/interrupt_sam_nvic.o
 .bss           0x0000000000000000        0x0 build/Release/debug/_ext/1939168694/interrupt_sam_nvic.o
 .text          0x0000000000000000        0x0 build/Release/debug/_ext/1350218445/board_init.o
 .data          0x0000000000000000        0x0 build/Release/debug/_ext/1350218445/board_init.o
 .bss           0x0000000000000000        0x0 build/Release/debug/_ext/1350218445/board_init.o
 .bss.cpu_irq_critical_section_counter
                0x0000000000000000        0x4 build/Release/debug/_ext/1350218445/board_init.o
 .bss.cpu_irq_prev_interrupt_state
                0x0000000000000000        0x1 build/Release/debug/_ext/1350218445/board_init.o
 .text          0x0000000000000000        0x0 build/Release/debug/_ext/876312722/port.o
 .data          0x0000000000000000        0x0 build/Release/debug/_ext/876312722/port.o
 .bss           0x0000000000000000        0x0 build/Release/debug/_ext/876312722/port.o
 .text.port_group_set_config
                0x0000000000000000       0x20 build/Release/debug/_ext/876312722/port.o
 .bss.cpu_irq_critical_section_counter
                0x0000000000000000        0x4 build/Release/debug/_ext/876312722/port.o
 .bss.cpu_irq_prev_interrupt_state
                0x0000000000000000        0x1 build/Release/debug/_ext/876312722/port.o
 .text          0x0000000000000000        0x0 build/Release/debug/_ext/1900123450/clock.o
 .data          0x0000000000000000        0x0 build/Release/debug/_ext/1900123450/clock.o
 .bss           0x0000000000000000        0x0 build/Release/debug/_ext/1900123450/clock.o
 .text.system_clock_source_osc32k_set_config
                0x0000000000000000       0x70 build/Release/debug/_ext/1900123450/clock.o
 .text.system_clock_source_xosc_set_config
                0x0000000000000000       0xc4 build/Release/debug/_ext/1900123450/clock.o
 .text.system_clock_source_xosc32k_set_config
                0x0000000000000000       0x9c build/Release/debug/_ext/1900123450/clock.o
 .text.system_clock_source_dfll_set_config
                0x0000000000000000       0x7c build/Release/debug/_ext/1900123450/clock.o
 .text.system_clock_source_dpll_set_config
                0x0000000000000000       0xa8 build/Release/debug/_ext/1900123450/clock.o
 .text.system_clock_source_write_calibration
                0x0000000000000000       0x84 build/Release/debug/_ext/1900123450/clock.o
 .text.system_clock_source_disable
                0x0000000000000000       0x78 build/Release/debug/_ext/1900123450/clock.o
 .text.system_clock_source_is_ready
                0x0000000000000000       0x54 build/Release/debug/_ext/1900123450/clock.o
 .bss.cpu_irq_critical_section_counter
                0x0000000000000000        0x4 build/Release/debug/_ext/1900123450/clock.o
 .bss.cpu_irq_prev_interrupt_state
                0x0000000000000000        0x1 build/Release/debug/_ext/1900123450/clock.o
 .text          0x0000000000000000        0x0 build/Release/debug/_ext/1900123450/gclk.o
 .data          0x0000000000000000        0x0 build/Release/debug/_ext/1900123450/gclk.o
 .bss           0x0000000000000000        0x0 build/Release/debug/_ext/1900123450/gclk.o
 .text.system_gclk_gen_disable
                0x0000000000000000       0x4c build/Release/debug/_ext/1900123450/gclk.o
 .text.system_gclk_gen_is_enabled
                0x0000000000000000       0x2c build/Release/debug/_ext/1900123450/gclk.o
 .text.system_gclk_chan_enable
                0x0000000000000000       0x30 build/Release/debug/_ext/1900123450/gclk.o
 .text.system_gclk_chan_is_enabled
                0x0000000000000000       0x2c build/Release/debug/_ext/1900123450/gclk.o
 .text.system_gclk_chan_lock
                0x0000000000000000       0x30 build/Release/debug/_ext/1900123450/gclk.o
 .text.system_gclk_chan_is_locked
                0x0000000000000000       0x2c build/Release/debug/_ext/1900123450/gclk.o
 .bss.cpu_irq_critical_section_counter
                0x0000000000000000        0x4 build/Release/debug/_ext/1900123450/gclk.o
 .bss.cpu_irq_prev_interrupt_state
                0x0000000000000000        0x1 build/Release/debug/_ext/1900123450/gclk.o
 .text          0x0000000000000000        0x0 build/Release/debug/_ext/1234282992/system_interrupt.o
 .data          0x0000000000000000        0x0 build/Release/debug/_ext/1234282992/system_interrupt.o
 .bss           0x0000000000000000        0x0 build/Release/debug/_ext/1234282992/system_interrupt.o
 .text.system_interrupt_is_pending
                0x0000000000000000       0x30 build/Release/debug/_ext/1234282992/system_interrupt.o
 .text.system_interrupt_set_pending
                0x0000000000000000       0x38 build/Release/debug/_ext/1234282992/system_interrupt.o
 .text.system_interrupt_clear_pending
                0x0000000000000000       0x30 build/Release/debug/_ext/1234282992/system_interrupt.o
 .text.system_interrupt_set_priority
                0x0000000000000000       0x44 build/Release/debug/_ext/1234282992/system_interrupt.o
 .text.system_interrupt_get_priority
                0x0000000000000000       0x34 build/Release/debug/_ext/1234282992/system_interrupt.o
 .bss.cpu_irq_critical_section_counter
                0x0000000000000000        0x4 build/Release/debug/_ext/1234282992/system_interrupt.o
 .bss.cpu_irq_prev_interrupt_state
                0x0000000000000000        0x1 build/Release/debug/_ext/1234282992/system_interrupt.o
 .debug_info    0x0000000000000000      0xf16 build/Release/debug/_ext/1234282992/system_interrupt.o
 .debug_abbrev  0x0000000000000000      0x250 build/Release/debug/_ext/1234282992/system_interrupt.o
 .debug_loc     0x0000000000000000      0x2f3 build/Release/debug/_ext/1234282992/system_interrupt.o
 .debug_aranges
                0x0000000000000000       0x40 build/Release/debug/_ext/1234282992/system_interrupt.o
 .debug_ranges  0x0000000000000000       0x30 build/Release/debug/_ext/1234282992/system_interrupt.o
 .debug_line    0x0000000000000000      0x380 build/Release/debug/_ext/1234282992/system_interrupt.o
 .debug_str     0x0000000000000000      0xea5 build/Release/debug/_ext/1234282992/system_interrupt.o
 .comment       0x0000000000000000       0x5a build/Release/debug/_ext/1234282992/system_interrupt.o
 .debug_frame   0x0000000000000000       0x6c build/Release/debug/_ext/1234282992/system_interrupt.o
 .ARM.attributes
                0x0000000000000000       0x32 build/Release/debug/_ext/1234282992/system_interrupt.o
 .text          0x0000000000000000        0x0 build/Release/debug/_ext/980481618/pinmux.o
 .data          0x0000000000000000        0x0 build/Release/debug/_ext/980481618/pinmux.o
 .bss           0x0000000000000000        0x0 build/Release/debug/_ext/980481618/pinmux.o
 .text.system_pinmux_group_set_config
                0x0000000000000000       0x2c build/Release/debug/_ext/980481618/pinmux.o
 .text.system_pinmux_group_set_input_sample_mode
                0x0000000000000000       0x12 build/Release/debug/_ext/980481618/pinmux.o
 .bss.cpu_irq_critical_section_counter
                0x0000000000000000        0x4 build/Release/debug/_ext/980481618/pinmux.o
 .bss.cpu_irq_prev_interrupt_state
                0x0000000000000000        0x1 build/Release/debug/_ext/980481618/pinmux.o
 .text          0x0000000000000000        0x0 build/Release/debug/_ext/227780132/system.o
 .data          0x0000000000000000        0x0 build/Release/debug/_ext/227780132/system.o
 .bss           0x0000000000000000        0x0 build/Release/debug/_ext/227780132/system.o
 .bss.cpu_irq_critical_section_counter
                0x0000000000000000        0x4 build/Release/debug/_ext/227780132/system.o
 .bss.cpu_irq_prev_interrupt_state
                0x0000000000000000        0x1 build/Release/debug/_ext/227780132/system.o
 .text          0x0000000000000000        0x0 build/Release/debug/_ext/386045837/startup_samr21.o
 .data          0x0000000000000000        0x0 build/Release/debug/_ext/386045837/startup_samr21.o
 .bss           0x0000000000000000        0x0 build/Release/debug/_ext/386045837/startup_samr21.o
 .text          0x0000000000000000        0x0 build/Release/debug/_ext/2084470165/system_samr21.o
 .data          0x0000000000000000        0x0 build/Release/debug/_ext/2084470165/system_samr21.o
 .bss           0x0000000000000000        0x0 build/Release/debug/_ext/2084470165/system_samr21.o
 .text.SystemInit
                0x0000000000000000       0x10 build/Release/debug/_ext/2084470165/system_samr21.o
 .text.SystemCoreClockUpdate
                0x0000000000000000       0x10 build/Release/debug/_ext/2084470165/system_samr21.o
 .data.SystemCoreClock
                0x0000000000000000        0x4 build/Release/debug/_ext/2084470165/system_samr21.o
 .debug_info    0x0000000000000000       0xcb build/Release/debug/_ext/2084470165/system_samr21.o
 .debug_abbrev  0x0000000000000000       0x87 build/Release/debug/_ext/2084470165/system_samr21.o
 .debug_aranges
                0x0000000000000000       0x20 build/Release/debug/_ext/2084470165/system_samr21.o
 .debug_ranges  0x0000000000000000       0x10 build/Release/debug/_ext/2084470165/system_samr21.o
 .debug_line    0x0000000000000000      0x11a build/Release/debug/_ext/2084470165/system_samr21.o
 .debug_str     0x0000000000000000      0x22a build/Release/debug/_ext/2084470165/system_samr21.o
 .comment       0x0000000000000000       0x5a build/Release/debug/_ext/2084470165/system_samr21.o
 .debug_frame   0x0000000000000000       0x30 build/Release/debug/_ext/2084470165/system_samr21.o
 .ARM.attributes
                0x0000000000000000       0x32 build/Release/debug/_ext/2084470165/system_samr21.o
 .text          0x0000000000000000        0x0 build/Release/debug/_ext/1284275751/syscalls.o
 .data          0x0000000000000000        0x0 build/Release/debug/_ext/1284275751/syscalls.o
 .bss           0x0000000000000000        0x0 build/Release/debug/_ext/1284275751/syscalls.o
 .text._sbrk    0x0000000000000000       0x20 build/Release/debug/_ext/1284275751/syscalls.o
 .text.link     0x0000000000000000        0x6 build/Release/debug/_ext/1284275751/syscalls.o
 .text._close   0x0000000000000000        0x6 build/Release/debug/_ext/1284275751/syscalls.o
 .text._fstat   0x0000000000000000        0xa build/Release/debug/_ext/1284275751/syscalls.o
 .text._isatty  0x0000000000000000        0x4 build/Release/debug/_ext/1284275751/syscalls.o
 .text._lseek   0x0000000000000000        0x4 build/Release/debug/_ext/1284275751/syscalls.o
 .text._exit    0x0000000000000000        0x4 build/Release/debug/_ext/1284275751/syscalls.o
 .text._kill    0x0000000000000000        0x2 build/Release/debug/_ext/1284275751/syscalls.o
 .text._getpid  0x0000000000000000        0x6 build/Release/debug/_ext/1284275751/syscalls.o
 .bss.heap.5296
                0x0000000000000000        0x4 build/Release/debug/_ext/1284275751/syscalls.o
 .debug_info    0x0000000000000000      0xd92 build/Release/debug/_ext/1284275751/syscalls.o
 .debug_abbrev  0x0000000000000000      0x245 build/Release/debug/_ext/1284275751/syscalls.o
 .debug_loc     0x0000000000000000       0xd1 build/Release/debug/_ext/1284275751/syscalls.o
 .debug_aranges
                0x0000000000000000       0x60 build/Release/debug/_ext/1284275751/syscalls.o
 .debug_ranges  0x0000000000000000       0x50 build/Release/debug/_ext/1284275751/syscalls.o
 .debug_line    0x0000000000000000      0x251 build/Release/debug/_ext/1284275751/syscalls.o
 .debug_str     0x0000000000000000      0x77c build/Release/debug/_ext/1284275751/syscalls.o
 .comment       0x0000000000000000       0x5a build/Release/debug/_ext/1284275751/syscalls.o
 .debug_frame   0x0000000000000000       0xa0 build/Release/debug/_ext/1284275751/syscalls.o
 .ARM.attributes
                0x0000000000000000       0x32 build/Release/debug/_ext/1284275751/syscalls.o
 .text          0x0000000000000000        0x0 build/Release/debug/_ext/1360937237/cpu-port.o
 .data          0x0000000000000000        0x0 build/Release/debug/_ext/1360937237/cpu-port.o
 .bss           0x0000000000000000        0x0 build/Release/debug/_ext/1360937237/cpu-port.o
 .bss.cpu_irq_critical_section_counter
                0x0000000000000000        0x4 build/Release/debug/_ext/1360937237/cpu-port.o
 .bss.cpu_irq_prev_interrupt_state
                0x0000000000000000        0x1 build/Release/debug/_ext/1360937237/cpu-port.o
 .text          0x0000000000000000        0x0 build/Release/debug/_ext/1360937237/rtos.o
 .data          0x0000000000000000        0x0 build/Release/debug/_ext/1360937237/rtos.o
 .bss           0x0000000000000000        0x0 build/Release/debug/_ext/1360937237/rtos.o
 .text.TarefaSuspende
                0x0000000000000000       0x24 build/Release/debug/_ext/1360937237/rtos.o
 .text.TarefaContinua
                0x0000000000000000       0x24 build/Release/debug/_ext/1360937237/rtos.o
 .text.SemaforoAguarda
                0x0000000000000000       0x3c build/Release/debug/_ext/1360937237/rtos.o
 .text.SemaforoLibera
                0x0000000000000000       0x34 build/Release/debug/_ext/1360937237/rtos.o
 .bss.cpu_irq_critical_section_counter
                0x0000000000000000        0x4 build/Release/debug/_ext/1360937237/rtos.o
 .bss.cpu_irq_prev_interrupt_state
                0x0000000000000000        0x1 build/Release/debug/_ext/1360937237/rtos.o
 .text          0x0000000000000000        0x0 build/Release/debug/_ext/1360937237/main.o
 .data          0x0000000000000000        0x0 build/Release/debug/_ext/1360937237/main.o
 .bss           0x0000000000000000        0x0 build/Release/debug/_ext/1360937237/main.o
 .text.tarefa_1
                0x0000000000000000       0x2c build/Release/debug/_ext/1360937237/main.o
 .text.tarefa_2
                0x0000000000000000       0x2c build/Release/debug/_ext/1360937237/main.o
 .text.tarefa_3
                0x0000000000000000        0xc build/Release/debug/_ext/1360937237/main.o
 .text.tarefa_4
                0x0000000000000000       0x20 build/Release/debug/_ext/1360937237/main.o
 .text.tarefa_5
                0x0000000000000000       0x1c build/Release/debug/_ext/1360937237/main.o
 .text.tarefa_6
                0x0000000000000000       0x14 build/Release/debug/_ext/1360937237/main.o
 .text.tarefa_7
                0x0000000000000000       0x4c build/Release/debug/_ext/1360937237/main.o
 .text.tarefa_8
                0x0000000000000000       0x6c build/Release/debug/_ext/1360937237/main.o
 .bss.SemaforoCheio
                0x0000000000000000        0x2 build/Release/debug/_ext/1360937237/main.o
 .bss.SemaforoTeste
                0x0000000000000000        0x2 build/Release/debug/_ext/1360937237/main.o
 .bss.cpu_irq_critical_section_counter
                0x0000000000000000        0x4 build/Release/debug/_ext/1360937237/main.o
 .bss.cpu_irq_prev_interrupt_state
                0x0000000000000000        0x1 build/Release/debug/_ext/1360937237/main.o
 .bss.f.11974   0x0000000000000000        0x1 build/Release/debug/_ext/1360937237/main.o
 .data.SemaforoVazio
                0x0000000000000000        0x2 build/Release/debug/_ext/1360937237/main.o
 .data          0x0000000000000000        0x0 /home/aluno/MPLAB/arm-none-eabi/bin/../lib/gcc/arm-none-eabi/6.3.1/thumb/v6-m/libgcc.a(_thumb1_case_uqi.o)
 .bss           0x0000000000000000        0x0 /home/aluno/MPLAB/arm-none-eabi/bin/../lib/gcc/arm-none-eabi/6.3.1/thumb/v6-m/libgcc.a(_thumb1_case_uqi.o)
 .data          0x0000000000000000        0x0 /home/aluno/MPLAB/arm-none-eabi/bin/../lib/gcc/arm-none-eabi/6.3.1/thumb/v6-m/libgcc.a(_udivsi3.o)
 .bss           0x0000000000000000        0x0 /home/aluno/MPLAB/arm-none-eabi/bin/../lib/gcc/arm-none-eabi/6.3.1/thumb/v6-m/libgcc.a(_udivsi3.o)
 .text          0x0000000000000000      0x1d4 /home/aluno/MPLAB/arm-none-eabi/bin/../lib/gcc/arm-none-eabi/6.3.1/thumb/v6-m/libgcc.a(_divsi3.o)
 .data          0x0000000000000000        0x0 /home/aluno/MPLAB/arm-none-eabi/bin/../lib/gcc/arm-none-eabi/6.3.1/thumb/v6-m/libgcc.a(_divsi3.o)
 .bss           0x0000000000000000        0x0 /home/aluno/MPLAB/arm-none-eabi/bin/../lib/gcc/arm-none-eabi/6.3.1/thumb/v6-m/libgcc.a(_divsi3.o)
 .debug_frame   0x0000000000000000       0x20 /home/aluno/MPLAB/arm-none-eabi/bin/../lib/gcc/arm-none-eabi/6.3.1/thumb/v6-m/libgcc.a(_divsi3.o)
 .ARM.attributes
                0x0000000000000000       0x1e /home/aluno/MPLAB/arm-none-eabi/bin/../lib/gcc/arm-none-eabi/6.3.1/thumb/v6-m/libgcc.a(_divsi3.o)
 .data          0x0000000000000000        0x0 /home/aluno/MPLAB/arm-none-eabi/bin/../lib/gcc/arm-none-eabi/6.3.1/thumb/v6-m/libgcc.a(_dvmd_tls.o)
 .bss           0x0000000000000000        0x0 /home/aluno/MPLAB/arm-none-eabi/bin/../lib/gcc/arm-none-eabi/6.3.1/thumb/v6-m/libgcc.a(_dvmd_tls.o)
 .text          0x0000000000000000        0x0 /home/aluno/MPLAB/arm-none-eabi/bin/../lib/gcc/arm-none-eabi/6.3.1/../../../../arm-none-eabi/lib/thumb/v6-m/libg_nano.a(lib_a-exit.o)
 .data          0x0000000000000000        0x0 /home/aluno/MPLAB/arm-none-eabi/bin/../lib/gcc/arm-none-eabi/6.3.1/../../../../arm-none-eabi/lib/thumb/v6-m/libg_nano.a(lib_a-exit.o)
 .bss           0x0000000000000000        0x0 /home/aluno/MPLAB/arm-none-eabi/bin/../lib/gcc/arm-none-eabi/6.3.1/../../../../arm-none-eabi/lib/thumb/v6-m/libg_nano.a(lib_a-exit.o)
 .text.exit     0x0000000000000000       0x2c /home/aluno/MPLAB/arm-none-eabi/bin/../lib/gcc/arm-none-eabi/6.3.1/../../../../arm-none-eabi/lib/thumb/v6-m/libg_nano.a(lib_a-exit.o)
 .debug_frame   0x0000000000000000       0x28 /home/aluno/MPLAB/arm-none-eabi/bin/../lib/gcc/arm-none-eabi/6.3.1/../../../../arm-none-eabi/lib/thumb/v6-m/libg_nano.a(lib_a-exit.o)
 .ARM.attributes
                0x0000000000000000       0x2c /home/aluno/MPLAB/arm-none-eabi/bin/../lib/gcc/arm-none-eabi/6.3.1/../../../../arm-none-eabi/lib/thumb/v6-m/libg_nano.a(lib_a-exit.o)
 .text          0x0000000000000000        0x0 /home/aluno/MPLAB/arm-none-eabi/bin/../lib/gcc/arm-none-eabi/6.3.1/../../../../arm-none-eabi/lib/thumb/v6-m/libg_nano.a(lib_a-impure.o)
 .data          0x0000000000000000        0x0 /home/aluno/MPLAB/arm-none-eabi/bin/../lib/gcc/arm-none-eabi/6.3.1/../../../../arm-none-eabi/lib/thumb/v6-m/libg_nano.a(lib_a-impure.o)
 .bss           0x0000000000000000        0x0 /home/aluno/MPLAB/arm-none-eabi/bin/../lib/gcc/arm-none-eabi/6.3.1/../../../../arm-none-eabi/lib/thumb/v6-m/libg_nano.a(lib_a-impure.o)
 .data._impure_ptr
                0x0000000000000000        0x4 /home/aluno/MPLAB/arm-none-eabi/bin/../lib/gcc/arm-none-eabi/6.3.1/../../../../arm-none-eabi/lib/thumb/v6-m/libg_nano.a(lib_a-impure.o)
 .data.impure_data
                0x0000000000000000       0x60 /home/aluno/MPLAB/arm-none-eabi/bin/../lib/gcc/arm-none-eabi/6.3.1/../../../../arm-none-eabi/lib/thumb/v6-m/libg_nano.a(lib_a-impure.o)
 .rodata._global_impure_ptr
                0x0000000000000000        0x4 /home/aluno/MPLAB/arm-none-eabi/bin/../lib/gcc/arm-none-eabi/6.3.1/../../../../arm-none-eabi/lib/thumb/v6-m/libg_nano.a(lib_a-impure.o)
 .ARM.attributes
                0x0000000000000000       0x2c /home/aluno/MPLAB/arm-none-eabi/bin/../lib/gcc/arm-none-eabi/6.3.1/../../../../arm-none-eabi/lib/thumb/v6-m/libg_nano.a(lib_a-impure.o)
 .text          0x0000000000000000        0x0 /home/aluno/MPLAB/arm-none-eabi/bin/../lib/gcc/arm-none-eabi/6.3.1/../../../../arm-none-eabi/lib/thumb/v6-m/libg_nano.a(lib_a-init.o)
 .data          0x0000000000000000        0x0 /home/aluno/MPLAB/arm-none-eabi/bin/../lib/gcc/arm-none-eabi/6.3.1/../../../../arm-none-eabi/lib/thumb/v6-m/libg_nano.a(lib_a-init.o)
 .bss           0x0000000000000000        0x0 /home/aluno/MPLAB/arm-none-eabi/bin/../lib/gcc/arm-none-eabi/6.3.1/../../../../arm-none-eabi/lib/thumb/v6-m/libg_nano.a(lib_a-init.o)
 .text          0x0000000000000000        0x0 /home/aluno/MPLAB/arm-none-eabi/bin/../lib/gcc/arm-none-eabi/6.3.1/../../../../arm-none-eabi/lib/thumb/v6-m/libg_nano.a(lib_a-memset.o)
 .data          0x0000000000000000        0x0 /home/aluno/MPLAB/arm-none-eabi/bin/../lib/gcc/arm-none-eabi/6.3.1/../../../../arm-none-eabi/lib/thumb/v6-m/libg_nano.a(lib_a-memset.o)
 .bss           0x0000000000000000        0x0 /home/aluno/MPLAB/arm-none-eabi/bin/../lib/gcc/arm-none-eabi/6.3.1/../../../../arm-none-eabi/lib/thumb/v6-m/libg_nano.a(lib_a-memset.o)
 .text.memset   0x0000000000000000       0x10 /home/aluno/MPLAB/arm-none-eabi/bin/../lib/gcc/arm-none-eabi/6.3.1/../../../../arm-none-eabi/lib/thumb/v6-m/libg_nano.a(lib_a-memset.o)
 .debug_frame   0x0000000000000000       0x20 /home/aluno/MPLAB/arm-none-eabi/bin/../lib/gcc/arm-none-eabi/6.3.1/../../../../arm-none-eabi/lib/thumb/v6-m/libg_nano.a(lib_a-memset.o)
 .ARM.attributes
                0x0000000000000000       0x2c /home/aluno/MPLAB/arm-none-eabi/bin/../lib/gcc/arm-none-eabi/6.3.1/../../../../arm-none-eabi/lib/thumb/v6-m/libg_nano.a(lib_a-memset.o)
 .text          0x0000000000000000        0x0 /home/aluno/MPLAB/arm-none-eabi/bin/../lib/gcc/arm-none-eabi/6.3.1/thumb/v6-m/crtend.o
 .data          0x0000000000000000        0x0 /home/aluno/MPLAB/arm-none-eabi/bin/../lib/gcc/arm-none-eabi/6.3.1/thumb/v6-m/crtend.o
 .bss           0x0000000000000000        0x0 /home/aluno/MPLAB/arm-none-eabi/bin/../lib/gcc/arm-none-eabi/6.3.1/thumb/v6-m/crtend.o
 .eh_frame      0x0000000000000000        0x4 /home/aluno/MPLAB/arm-none-eabi/bin/../lib/gcc/arm-none-eabi/6.3.1/thumb/v6-m/crtend.o
 .jcr           0x0000000000000000        0x4 /home/aluno/MPLAB/arm-none-eabi/bin/../lib/gcc/arm-none-eabi/6.3.1/thumb/v6-m/crtend.o
 .ARM.attributes
                0x0000000000000000       0x2c /home/aluno/MPLAB/arm-none-eabi/bin/../lib/gcc/arm-none-eabi/6.3.1/thumb/v6-m/crtend.o
 .text          0x0000000000000000        0x0 /home/aluno/MPLAB/arm-none-eabi/bin/../lib/gcc/arm-none-eabi/6.3.1/thumb/v6-m/crtn.o
 .data          0x0000000000000000        0x0 /home/aluno/MPLAB/arm-none-eabi/bin/../lib/gcc/arm-none-eabi/6.3.1/thumb/v6-m/crtn.o
 .bss           0x0000000000000000        0x0 /home/aluno/MPLAB/arm-none-eabi/bin/../lib/gcc/arm-none-eabi/6.3.1/thumb/v6-m/crtn.o

Memory Configuration

Name             Origin             Length             Attributes
rom              0x0000000000000000 0x0000000000040000 xr
ram              0x0000000020000000 0x0000000000008000 xrw
*default*        0x0000000000000000 0xffffffffffffffff

Linker script and memory map

LOAD /home/aluno/MPLAB/arm-none-eabi/bin/../lib/gcc/arm-none-eabi/6.3.1/thumb/v6-m/crti.o
LOAD /home/aluno/MPLAB/arm-none-eabi/bin/../lib/gcc/arm-none-eabi/6.3.1/thumb/v6-m/crtbegin.o
LOAD /home/aluno/MPLAB/arm-none-eabi/bin/../lib/gcc/arm-none-eabi/6.3.1/../../../../arm-none-eabi/lib/thumb/v6-m/crt0.o
LOAD build/Release/debug/_ext/1939168694/interrupt_sam_nvic.o
LOAD build/Release/debug/_ext/1350218445/board_init.o
LOAD build/Release/debug/_ext/876312722/port.o
LOAD build/Release/debug/_ext/1900123450/clock.o
LOAD build/Release/debug/_ext/1900123450/gclk.o
LOAD build/Release/debug/_ext/1234282992/system_interrupt.o
LOAD build/Release/debug/_ext/980481618/pinmux.o
LOAD build/Release/debug/_ext/227780132/system.o
LOAD build/Release/debug/_ext/386045837/startup_samr21.o
LOAD build/Release/debug/_ext/2084470165/system_samr21.o
LOAD build/Release/debug/_ext/1284275751/syscalls.o
LOAD build/Release/debug/_ext/1360937237/cpu-port.o
LOAD build/Release/debug/_ext/1360937237/rtos.o
LOAD build/Release/debug/_ext/1360937237/main.o
                0x0000000000000001                __MPLAB_BUILD = 0x1
                0x0000000000000001                __ICD2RAM = 0x1
                0x0000000000000001                __MPLAB_DEBUG = 0x1
                0x0000000000000001                __DEBUG = 0x1
LOAD ../src/ASF/thirdparty/CMSIS/Lib/GCC/libarm_cortexM0l_math.a
LOAD /home/aluno/MPLAB/arm-none-eabi/bin/../lib/gcc/arm-none-eabi/6.3.1/../../../../arm-none-eabi/lib/thumb/v6-m/libm.a
START GROUP
LOAD /home/aluno/MPLAB/arm-none-eabi/bin/../lib/gcc/arm-none-eabi/6.3.1/thumb/v6-m/libgcc.a
LOAD /home/aluno/MPLAB/arm-none-eabi/bin/../lib/gcc/arm-none-eabi/6.3.1/../../../../arm-none-eabi/lib/thumb/v6-m/libg_nano.a
LOAD /home/aluno/MPLAB/arm-none-eabi/bin/../lib/gcc/arm-none-eabi/6.3.1/../../../../arm-none-eabi/lib/thumb/v6-m/libc_nano.a
END GROUP
START GROUP
LOAD /home/aluno/MPLAB/arm-none-eabi/bin/../lib/gcc/arm-none-eabi/6.3.1/thumb/v6-m/libgcc.a
LOAD /home/aluno/MPLAB/arm-none-eabi/bin/../lib/gcc/arm-none-eabi/6.3.1/../../../../arm-none-eabi/lib/thumb/v6-m/libc_nano.a
END GROUP
LOAD /home/aluno/MPLAB/arm-none-eabi/bin/../lib/gcc/arm-none-eabi/6.3.1/thumb/v6-m/crtend.o
LOAD /home/aluno/MPLAB/arm-none-eabi/bin/../lib/gcc/arm-none-eabi/6.3.1/thumb/v6-m/crtn.o
                0x0000000000002000                STACK_SIZE = DEFINED (STACK_SIZE)?STACK_SIZE:DEFINED (__stack_size__)?__stack_size__:0x2000

.text           0x0000000000000000      0xcb4
                0x0000000000000000                . = ALIGN (0x4)
                0x0000000000000000                _sfixed = .
 *(.vectors .vectors.*)
 .vectors       0x0000000000000000       0xb4 build/Release/debug/_ext/386045837/startup_samr21.o
                0x0000000000000000                exception_table
 *(.text .text.* .gnu.linkonce.t.*)
 .text          0x00000000000000b4       0x60 /home/aluno/MPLAB/arm-none-eabi/bin/../lib/gcc/arm-none-eabi/6.3.1/thumb/v6-m/crtbegin.o
 .text.cpu_irq_enter_critical
                0x0000000000000114       0x34 build/Release/debug/_ext/1939168694/interrupt_sam_nvic.o
                0x0000000000000114                cpu_irq_enter_critical
 .text.cpu_irq_leave_critical
                0x0000000000000148       0x30 build/Release/debug/_ext/1939168694/interrupt_sam_nvic.o
                0x0000000000000148                cpu_irq_leave_critical
 .text.system_board_init
                0x0000000000000178       0x34 build/Release/debug/_ext/1350218445/board_init.o
                0x0000000000000178                system_board_init
                0x0000000000000178                board_init
 .text.port_pin_set_config
                0x00000000000001ac       0x20 build/Release/debug/_ext/876312722/port.o
                0x00000000000001ac                port_pin_set_config
 .text._system_dfll_wait_for_sync
                0x00000000000001cc       0x10 build/Release/debug/_ext/1900123450/clock.o
 .text.system_clock_source_get_hz
                0x00000000000001dc       0x8c build/Release/debug/_ext/1900123450/clock.o
                0x00000000000001dc                system_clock_source_get_hz
 .text.system_clock_source_osc8m_set_config
                0x0000000000000268       0x3c build/Release/debug/_ext/1900123450/clock.o
                0x0000000000000268                system_clock_source_osc8m_set_config
 .text.system_clock_source_enable
                0x00000000000002a4       0x90 build/Release/debug/_ext/1900123450/clock.o
                0x00000000000002a4                system_clock_source_enable
 .text.system_clock_init
                0x0000000000000334       0x90 build/Release/debug/_ext/1900123450/clock.o
                0x0000000000000334                system_clock_init
 .text.system_gclk_is_syncing
                0x00000000000003c4        0xc build/Release/debug/_ext/1900123450/gclk.o
 .text.system_gclk_init
                0x00000000000003d0       0x20 build/Release/debug/_ext/1900123450/gclk.o
                0x00000000000003d0                system_gclk_init
 .text.system_gclk_gen_set_config
                0x00000000000003f0       0xa4 build/Release/debug/_ext/1900123450/gclk.o
                0x00000000000003f0                system_gclk_gen_set_config
 .text.system_gclk_gen_enable
                0x0000000000000494       0x40 build/Release/debug/_ext/1900123450/gclk.o
                0x0000000000000494                system_gclk_gen_enable
 .text.system_gclk_gen_get_hz
                0x00000000000004d4       0x88 build/Release/debug/_ext/1900123450/gclk.o
                0x00000000000004d4                system_gclk_gen_get_hz
 .text.system_gclk_chan_disable
                0x000000000000055c       0x58 build/Release/debug/_ext/1900123450/gclk.o
                0x000000000000055c                system_gclk_chan_disable
 .text.system_gclk_chan_set_config
                0x00000000000005b4       0x1c build/Release/debug/_ext/1900123450/gclk.o
                0x00000000000005b4                system_gclk_chan_set_config
 .text.system_gclk_chan_get_hz
                0x00000000000005d0       0x34 build/Release/debug/_ext/1900123450/gclk.o
                0x00000000000005d0                system_gclk_chan_get_hz
 .text._system_pinmux_config
                0x0000000000000604       0x84 build/Release/debug/_ext/980481618/pinmux.o
 .text.system_pinmux_pin_set_config
                0x0000000000000688       0x2c build/Release/debug/_ext/980481618/pinmux.o
                0x0000000000000688                system_pinmux_pin_set_config
 .text._system_dummy_init
                0x00000000000006b4        0x2 build/Release/debug/_ext/227780132/system.o
                0x00000000000006b4                _system_divas_init
                0x00000000000006b4                _system_extint_init
                0x00000000000006b4                _system_events_init
                0x00000000000006b4                _system_dummy_init
 *fill*         0x00000000000006b6        0x2 
 .text.system_init
                0x00000000000006b8       0x2c build/Release/debug/_ext/227780132/system.o
                0x00000000000006b8                system_init
 .text.Dummy_Handler
                0x00000000000006e4        0x2 build/Release/debug/_ext/386045837/startup_samr21.o
                0x00000000000006e4                DMAC_Handler
                0x00000000000006e4                AC_Handler
                0x00000000000006e4                NMI_Handler
                0x00000000000006e4                SERCOM1_Handler
                0x00000000000006e4                ADC_Handler
                0x00000000000006e4                TCC1_Handler
                0x00000000000006e4                SERCOM2_Handler
                0x00000000000006e4                TCC0_Handler
                0x00000000000006e4                RTC_Handler
                0x00000000000006e4                EIC_Handler
                0x00000000000006e4                WDT_Handler
                0x00000000000006e4                TC4_Handler
                0x00000000000006e4                USB_Handler
                0x00000000000006e4                TC3_Handler
                0x00000000000006e4                Dummy_Handler
                0x00000000000006e4                PM_Handler
                0x00000000000006e4                SERCOM5_Handler
                0x00000000000006e4                TCC2_Handler
                0x00000000000006e4                EVSYS_Handler
                0x00000000000006e4                SERCOM3_Handler
                0x00000000000006e4                SERCOM4_Handler
                0x00000000000006e4                NVMCTRL_Handler
                0x00000000000006e4                SERCOM0_Handler
                0x00000000000006e4                PTC_Handler
                0x00000000000006e4                TC5_Handler
                0x00000000000006e4                SYSCTRL_Handler
 *fill*         0x00000000000006e6        0x2 
 .text.Reset_Handler
                0x00000000000006e8       0xbc build/Release/debug/_ext/386045837/startup_samr21.o
                0x00000000000006e8                Reset_Handler
 .text.CriaContexto
                0x00000000000007a4       0x66 build/Release/debug/_ext/1360937237/cpu-port.o
                0x00000000000007a4                CriaContexto
 *fill*         0x000000000000080a        0x2 
 .text.ConfiguraMarcaTempo
                0x000000000000080c       0x40 build/Release/debug/_ext/1360937237/cpu-port.o
                0x000000000000080c                ConfiguraMarcaTempo
 .text.SVC_Handler
                0x000000000000084c       0x44 build/Release/debug/_ext/1360937237/cpu-port.o
                0x000000000000084c                SVC_Handler
 .text.PendSV_Handler
                0x0000000000000890       0x58 build/Release/debug/_ext/1360937237/cpu-port.o
                0x0000000000000890                PendSV_Handler
 .text.SysTick_Handler
                0x00000000000008e8       0x1c build/Release/debug/_ext/1360937237/cpu-port.o
                0x00000000000008e8                SysTick_Handler
 .text.HardFault_Handler
                0x0000000000000904        0x2 build/Release/debug/_ext/1360937237/cpu-port.o
                0x0000000000000904                HardFault_Handler
 *fill*         0x0000000000000906        0x2 
 .text.escalonador
                0x0000000000000908       0x30 build/Release/debug/_ext/1360937237/rtos.o
                0x0000000000000908                escalonador
 .text.CriaTarefa
                0x0000000000000938       0x48 build/Release/debug/_ext/1360937237/rtos.o
                0x0000000000000938                CriaTarefa
 .text.TarefaEspera
                0x0000000000000980       0x34 build/Release/debug/_ext/1360937237/rtos.o
                0x0000000000000980                TarefaEspera
 .text.tarefa_ociosa
                0x00000000000009b4        0x2 build/Release/debug/_ext/1360937237/rtos.o
                0x00000000000009b4                tarefa_ociosa
 *fill*         0x00000000000009b6        0x2 
 .text.IniciaMultitarefas
                0x00000000000009b8       0x38 build/Release/debug/_ext/1360937237/rtos.o
                0x00000000000009b8                IniciaMultitarefas
 .text.TrocaContextoDasTarefas
                0x00000000000009f0       0x44 build/Release/debug/_ext/1360937237/rtos.o
                0x00000000000009f0                TrocaContextoDasTarefas
 .text.ExecutaMarcaDeTempo
                0x0000000000000a34       0x44 build/Release/debug/_ext/1360937237/rtos.o
                0x0000000000000a34                ExecutaMarcaDeTempo
 .text.tarefa_pisca
                0x0000000000000a78       0x34 build/Release/debug/_ext/1360937237/main.o
                0x0000000000000a78                tarefa_pisca
 .text.startup.main
                0x0000000000000aac       0x58 build/Release/debug/_ext/1360937237/main.o
                0x0000000000000aac                main
 .text          0x0000000000000b04       0x14 /home/aluno/MPLAB/arm-none-eabi/bin/../lib/gcc/arm-none-eabi/6.3.1/thumb/v6-m/libgcc.a(_thumb1_case_uqi.o)
                0x0000000000000b04                __gnu_thumb1_case_uqi
 .text          0x0000000000000b18      0x114 /home/aluno/MPLAB/arm-none-eabi/bin/../lib/gcc/arm-none-eabi/6.3.1/thumb/v6-m/libgcc.a(_udivsi3.o)
                0x0000000000000b18                __udivsi3
                0x0000000000000b18                __aeabi_uidiv
                0x0000000000000c24                __aeabi_uidivmod
 .text          0x0000000000000c2c        0x4 /home/aluno/MPLAB/arm-none-eabi/bin/../lib/gcc/arm-none-eabi/6.3.1/thumb/v6-m/libgcc.a(_dvmd_tls.o)
                0x0000000000000c2c                __aeabi_ldiv0
                0x0000000000000c2c                __aeabi_idiv0
 .text.__libc_init_array
                0x0000000000000c30       0x48 /home/aluno/MPLAB/arm-none-eabi/bin/../lib/gcc/arm-none-eabi/6.3.1/../../../../arm-none-eabi/lib/thumb/v6-m/libg_nano.a(lib_a-init.o)
                0x0000000000000c30                __libc_init_array
 *(.glue_7t)
 .glue_7t       0x0000000000000c78        0x0 linker stubs
 *(.glue_7)
 .glue_7        0x0000000000000c78        0x0 linker stubs
 *(.rodata .rodata* .gnu.linkonce.r.*)
 .rodata.main.str1.1
                0x0000000000000c78       0x1b build/Release/debug/_ext/1360937237/main.o
 *(.ARM.extab* .gnu.linkonce.armextab.*)
                0x0000000000000c94                . = ALIGN (0x4)
 *fill*         0x0000000000000c93        0x1 
 *(.init)
 .init          0x0000000000000c94        0x4 /home/aluno/MPLAB/arm-none-eabi/bin/../lib/gcc/arm-none-eabi/6.3.1/thumb/v6-m/crti.o
                0x0000000000000c94                _init
 .init          0x0000000000000c98        0x8 /home/aluno/MPLAB/arm-none-eabi/bin/../lib/gcc/arm-none-eabi/6.3.1/thumb/v6-m/crtn.o
                0x0000000000000ca0                . = ALIGN (0x4)
                0x0000000000000ca0                __preinit_array_start = .
 *(.preinit_array)
                0x0000000000000ca0                __preinit_array_end = .
                0x0000000000000ca0                . = ALIGN (0x4)
                0x0000000000000ca0                __init_array_start = .
 *(SORT(.init_array.*))
 *(.init_array)
 .init_array    0x0000000000000ca0        0x4 /home/aluno/MPLAB/arm-none-eabi/bin/../lib/gcc/arm-none-eabi/6.3.1/thumb/v6-m/crtbegin.o
                0x0000000000000ca4                __init_array_end = .
                0x0000000000000ca4                . = ALIGN (0x4)
 *crtbegin.o(.ctors)
 *(EXCLUDE_FILE(*crtend.o) .ctors)
 *(SORT(.ctors.*))
 *crtend.o(.ctors)
                0x0000000000000ca4                . = ALIGN (0x4)
 *(.fini)
 .fini          0x0000000000000ca4        0x4 /home/aluno/MPLAB/arm-none-eabi/bin/../lib/gcc/arm-none-eabi/6.3.1/thumb/v6-m/crti.o
                0x0000000000000ca4                _fini
 .fini          0x0000000000000ca8        0x8 /home/aluno/MPLAB/arm-none-eabi/bin/../lib/gcc/arm-none-eabi/6.3.1/thumb/v6-m/crtn.o
                0x0000000000000cb0                . = ALIGN (0x4)
                0x0000000000000cb0                __fini_array_start = .
 *(.fini_array)
 .fini_array    0x0000000000000cb0        0x4 /home/aluno/MPLAB/arm-none-eabi/bin/../lib/gcc/arm-none-eabi/6.3.1/thumb/v6-m/crtbegin.o
 *(SORT(.fini_array.*))
                0x0000000000000cb4                __fini_array_end = .
 *crtbegin.o(.dtors)
 *(EXCLUDE_FILE(*crtend.o) .dtors)
 *(SORT(.dtors.*))
 *crtend.o(.dtors)
                0x0000000000000cb4                . = ALIGN (0x4)
                0x0000000000000cb4                _efixed = .
                [!provide]                        PROVIDE (__exidx_start, .)

.vfp11_veneer   0x0000000000000cb4        0x0
 .vfp11_veneer  0x0000000000000cb4        0x0 linker stubs

.v4_bx          0x0000000000000cb4        0x0
 .v4_bx         0x0000000000000cb4        0x0 linker stubs

.iplt           0x0000000000000cb4        0x0
 .iplt          0x0000000000000cb4        0x0 /home/aluno/MPLAB/arm-none-eabi/bin/../lib/gcc/arm-none-eabi/6.3.1/thumb/v6-m/crtbegin.o

.eh_frame       0x0000000000000cb4        0x0
 .eh_frame      0x0000000000000cb4        0x0 /home/aluno/MPLAB/arm-none-eabi/bin/../lib/gcc/arm-none-eabi/6.3.1/thumb/v6-m/crtbegin.o

.rel.dyn        0x0000000000000cb4        0x0
 .rel.iplt      0x0000000000000cb4        0x0 /home/aluno/MPLAB/arm-none-eabi/bin/../lib/gcc/arm-none-eabi/6.3.1/thumb/v6-m/crtbegin.o

.jcr            0x0000000000000cb4        0x0
 .jcr           0x0000000000000cb4        0x0 /home/aluno/MPLAB/arm-none-eabi/bin/../lib/gcc/arm-none-eabi/6.3.1/thumb/v6-m/crtbegin.o

.igot.plt       0x0000000000000cb4        0x0
 .igot.plt      0x0000000000000cb4        0x0 /home/aluno/MPLAB/arm-none-eabi/bin/../lib/gcc/arm-none-eabi/6.3.1/thumb/v6-m/crtbegin.o

.ARM.exidx
 *(.ARM.exidx* .gnu.linkonce.armexidx.*)
                [!provide]                        PROVIDE (__exidx_end, .)
                0x0000000000000cb4                . = ALIGN (0x4)
                0x0000000000000cb4                _etext = .

.relocate       0x0000000020000000        0x4 load address 0x0000000000000cb4
                0x0000000020000000                . = ALIGN (0x4)
                0x0000000020000000                _srelocate = .
 *(.ramfunc .ramfunc.*)
 *(.data .data.*)
 .data.g_interrupt_enabled
                0x0000000020000000        0x1 build/Release/debug/_ext/1939168694/interrupt_sam_nvic.o
                0x0000000020000000                g_interrupt_enabled
                0x0000000020000004                . = ALIGN (0x4)
 *fill*         0x0000000020000001        0x3 
                0x0000000020000004                _erelocate = .

.bss            0x0000000020000004      0x630 load address 0x0000000000000cb8
                0x0000000020000004                . = ALIGN (0x4)
                0x0000000020000004                _sbss = .
                0x0000000020000004                _szero = .
 *(.bss .bss.*)
 .bss           0x0000000020000004       0x1c /home/aluno/MPLAB/arm-none-eabi/bin/../lib/gcc/arm-none-eabi/6.3.1/thumb/v6-m/crtbegin.o
 .bss.cpu_irq_critical_section_counter
                0x0000000020000020        0x4 build/Release/debug/_ext/1939168694/interrupt_sam_nvic.o
 .bss.cpu_irq_prev_interrupt_state
                0x0000000020000024        0x1 build/Release/debug/_ext/1939168694/interrupt_sam_nvic.o
 *fill*         0x0000000020000025        0x3 
 .bss._system_clock_inst
                0x0000000020000028       0x18 build/Release/debug/_ext/1900123450/clock.o
 .bss.contador_marcas
                0x0000000020000040        0x2 build/Release/debug/_ext/1360937237/rtos.o
 .bss.numero_tarefas
                0x0000000020000042        0x1 build/Release/debug/_ext/1360937237/rtos.o
 *(COMMON)
 *fill*         0x0000000020000043        0x1 
 COMMON         0x0000000020000044       0x42 build/Release/debug/_ext/1360937237/rtos.o
                0x0000000020000044                SP
                0x0000000020000048                ponteiro_de_pilha
                0x000000002000004c                tarefa_atual
                0x0000000020000050                TCB
                0x0000000020000080                Prioridades
                0x0000000020000085                proxima_tarefa
 *fill*         0x0000000020000086        0x2 
 COMMON         0x0000000020000088      0x5ac build/Release/debug/_ext/1360937237/main.o
                0x0000000020000088                PILHA_TAREFA_OCIOSA
                0x0000000020000128                PILHA_TAREFA_4
                0x00000000200001c8                PILHA_TAREFA_2
                0x0000000020000268                PILHA_TAREFA_1
                0x0000000020000308                PILHA_TAREFA_6
                0x00000000200003a8                PILHA_TAREFA_3
                0x0000000020000448                buffer
                0x0000000020000454                PILHA_TAREFA_8
                0x00000000200004f4                PILHA_TAREFA_5
                0x0000000020000594                PILHA_TAREFA_7
                0x0000000020000634                . = ALIGN (0x4)
                0x0000000020000634                _ebss = .
                0x0000000020000634                _ezero = .

.stack          0x0000000020000634     0x2004 load address 0x00000000000012e8
                0x0000000020000638                . = ALIGN (0x8)
 *fill*         0x0000000020000634        0x4 
                0x0000000020000638                _sstack = .
                0x0000000020002638                . = (. + STACK_SIZE)
 *fill*         0x0000000020000638     0x2000 
                0x0000000020002638                . = ALIGN (0x8)
                0x0000000020002638                _estack = .
                0x0000000020002638                . = ALIGN (0x4)
                0x0000000020002638                _end = .
OUTPUT(dist/Release/debug/as_r21.X.debug.elf elf32-littlearm)

.ARM.attributes
                0x0000000000000000       0x28
 .ARM.attributes
                0x0000000000000000       0x1e /home/aluno/MPLAB/arm-none-eabi/bin/../lib/gcc/arm-none-eabi/6.3.1/thumb/v6-m/crti.o
 .ARM.attributes
                0x000000000000001e       0x2c /home/aluno/MPLAB/arm-none-eabi/bin/../lib/gcc/arm-none-eabi/6.3.1/thumb/v6-m/crtbegin.o
 .ARM.attributes
                0x000000000000004a       0x32 build/Release/debug/_ext/1939168694/interrupt_sam_nvic.o
 .ARM.attributes
                0x000000000000007c       0x32 build/Release/debug/_ext/1350218445/board_init.o
 .ARM.attributes
                0x00000000000000ae       0x32 build/Release/debug/_ext/876312722/port.o
 .ARM.attributes
                0x00000000000000e0       0x32 build/Release/debug/_ext/1900123450/clock.o
 .ARM.attributes
                0x0000000000000112       0x32 build/Release/debug/_ext/1900123450/gclk.o
 .ARM.attributes
                0x0000000000000144       0x32 build/Release/debug/_ext/980481618/pinmux.o
 .ARM.attributes
                0x0000000000000176       0x32 build/Release/debug/_ext/227780132/system.o
 .ARM.attributes
                0x00000000000001a8       0x32 build/Release/debug/_ext/386045837/startup_samr21.o
 .ARM.attributes
                0x00000000000001da       0x32 build/Release/debug/_ext/1360937237/cpu-port.o
 .ARM.attributes
                0x000000000000020c       0x32 build/Release/debug/_ext/1360937237/rtos.o
 .ARM.attributes
                0x000000000000023e       0x32 build/Release/debug/_ext/1360937237/main.o
 .ARM.attributes
                0x0000000000000270       0x1e /home/aluno/MPLAB/arm-none-eabi/bin/../lib/gcc/arm-none-eabi/6.3.1/thumb/v6-m/libgcc.a(_thumb1_case_uqi.o)
 .ARM.attributes
                0x000000000000028e       0x1e /home/aluno/MPLAB/arm-none-eabi/bin/../lib/gcc/arm-none-eabi/6.3.1/thumb/v6-m/libgcc.a(_udivsi3.o)
 .ARM.attributes
                0x00000000000002ac       0x1e /home/aluno/MPLAB/arm-none-eabi/bin/../lib/gcc/arm-none-eabi/6.3.1/thumb/v6-m/libgcc.a(_dvmd_tls.o)
 .ARM.attributes
                0x00000000000002ca       0x2c /home/aluno/MPLAB/arm-none-eabi/bin/../lib/gcc/arm-none-eabi/6.3.1/../../../../arm-none-eabi/lib/thumb/v6-m/libg_nano.a(lib_a-init.o)
 .ARM.attributes
                0x00000000000002f6       0x1e /home/aluno/MPLAB/arm-none-eabi/bin/../lib/gcc/arm-none-eabi/6.3.1/thumb/v6-m/crtn.o

.comment        0x0000000000000000       0x59
 .comment       0x0000000000000000       0x59 build/Release/debug/_ext/1939168694/interrupt_sam_nvic.o
                                         0x5a (size before relaxing)
 .comment       0x0000000000000059       0x5a build/Release/debug/_ext/1350218445/board_init.o
 .comment       0x0000000000000059       0x5a build/Release/debug/_ext/876312722/port.o
 .comment       0x0000000000000059       0x5a build/Release/debug/_ext/1900123450/clock.o
 .comment       0x0000000000000059       0x5a build/Release/debug/_ext/1900123450/gclk.o
 .comment       0x0000000000000059       0x5a build/Release/debug/_ext/980481618/pinmux.o
 .comment       0x0000000000000059       0x5a build/Release/debug/_ext/227780132/system.o
 .comment       0x0000000000000059       0x5a build/Release/debug/_ext/386045837/startup_samr21.o
 .comment       0x0000000000000059       0x5a build/Release/debug/_ext/1360937237/cpu-port.o
 .comment       0x0000000000000059       0x5a build/Release/debug/_ext/1360937237/rtos.o
 .comment       0x0000000000000059       0x5a build/Release/debug/_ext/1360937237/main.o

.debug_info     0x0000000000000000    0x11b1c
 .debug_info    0x0000000000000000      0xb03 build/Release/debug/_ext/1939168694/interrupt_sam_nvic.o
 .debug_info    0x0000000000000b03     0x12a8 build/Release/debug/_ext/1350218445/board_init.o
 .debug_info    0x0000000000001dab     0x12b2 build/Release/debug/_ext/876312722/port.o
 .debug_info    0x000000000000305d     0x370e build/Release/debug/_ext/1900123450/clock.o
 .debug_info    0x000000000000676b     0x1dfc build/Release/debug/_ext/1900123450/gclk.o
 .debug_info    0x0000000000008567     0x136a build/Release/debug/_ext/980481618/pinmux.o
 .debug_info    0x00000000000098d1      0xa6f build/Release/debug/_ext/227780132/system.o
 .debug_info    0x000000000000a340     0x3a31 build/Release/debug/_ext/386045837/startup_samr21.o
 .debug_info    0x000000000000dd71     0x1560 build/Release/debug/_ext/1360937237/cpu-port.o
 .debug_info    0x000000000000f2d1      0xf24 build/Release/debug/_ext/1360937237/rtos.o
 .debug_info    0x00000000000101f5     0x1927 build/Release/debug/_ext/1360937237/main.o

.debug_abbrev   0x0000000000000000     0x2137
 .debug_abbrev  0x0000000000000000      0x229 build/Release/debug/_ext/1939168694/interrupt_sam_nvic.o
 .debug_abbrev  0x0000000000000229      0x2ea build/Release/debug/_ext/1350218445/board_init.o
 .debug_abbrev  0x0000000000000513      0x295 build/Release/debug/_ext/876312722/port.o
 .debug_abbrev  0x00000000000007a8      0x498 build/Release/debug/_ext/1900123450/clock.o
 .debug_abbrev  0x0000000000000c40      0x3f9 build/Release/debug/_ext/1900123450/gclk.o
 .debug_abbrev  0x0000000000001039      0x336 build/Release/debug/_ext/980481618/pinmux.o
 .debug_abbrev  0x000000000000136f      0x1de build/Release/debug/_ext/227780132/system.o
 .debug_abbrev  0x000000000000154d      0x231 build/Release/debug/_ext/386045837/startup_samr21.o
 .debug_abbrev  0x000000000000177e      0x32d build/Release/debug/_ext/1360937237/cpu-port.o
 .debug_abbrev  0x0000000000001aab      0x2d1 build/Release/debug/_ext/1360937237/rtos.o
 .debug_abbrev  0x0000000000001d7c      0x3bb build/Release/debug/_ext/1360937237/main.o

.debug_aranges  0x0000000000000000      0x318
 .debug_aranges
                0x0000000000000000       0x28 build/Release/debug/_ext/1939168694/interrupt_sam_nvic.o
 .debug_aranges
                0x0000000000000028       0x20 build/Release/debug/_ext/1350218445/board_init.o
 .debug_aranges
                0x0000000000000048       0x28 build/Release/debug/_ext/876312722/port.o
 .debug_aranges
                0x0000000000000070       0x80 build/Release/debug/_ext/1900123450/clock.o
 .debug_aranges
                0x00000000000000f0       0x88 build/Release/debug/_ext/1900123450/gclk.o
 .debug_aranges
                0x0000000000000178       0x38 build/Release/debug/_ext/980481618/pinmux.o
 .debug_aranges
                0x00000000000001b0       0x28 build/Release/debug/_ext/227780132/system.o
 .debug_aranges
                0x00000000000001d8       0x28 build/Release/debug/_ext/386045837/startup_samr21.o
 .debug_aranges
                0x0000000000000200       0x48 build/Release/debug/_ext/1360937237/cpu-port.o
 .debug_aranges
                0x0000000000000248       0x70 build/Release/debug/_ext/1360937237/rtos.o
 .debug_aranges
                0x00000000000002b8       0x60 build/Release/debug/_ext/1360937237/main.o

.debug_ranges   0x0000000000000000      0x438
 .debug_ranges  0x0000000000000000       0x18 build/Release/debug/_ext/1939168694/interrupt_sam_nvic.o
 .debug_ranges  0x0000000000000018       0x28 build/Release/debug/_ext/1350218445/board_init.o
 .debug_ranges  0x0000000000000040       0x18 build/Release/debug/_ext/876312722/port.o
 .debug_ranges  0x0000000000000058      0x130 build/Release/debug/_ext/1900123450/clock.o
 .debug_ranges  0x0000000000000188       0xc0 build/Release/debug/_ext/1900123450/gclk.o
 .debug_ranges  0x0000000000000248       0x40 build/Release/debug/_ext/980481618/pinmux.o
 .debug_ranges  0x0000000000000288       0x18 build/Release/debug/_ext/227780132/system.o
 .debug_ranges  0x00000000000002a0       0x18 build/Release/debug/_ext/386045837/startup_samr21.o
 .debug_ranges  0x00000000000002b8       0x60 build/Release/debug/_ext/1360937237/cpu-port.o
 .debug_ranges  0x0000000000000318       0x60 build/Release/debug/_ext/1360937237/rtos.o
 .debug_ranges  0x0000000000000378       0xc0 build/Release/debug/_ext/1360937237/main.o

.debug_line     0x0000000000000000     0x2a15
 .debug_line    0x0000000000000000      0x2c7 build/Release/debug/_ext/1939168694/interrupt_sam_nvic.o
 .debug_line    0x00000000000002c7      0x358 build/Release/debug/_ext/1350218445/board_init.o
 .debug_line    0x000000000000061f      0x32a build/Release/debug/_ext/876312722/port.o
 .debug_line    0x0000000000000949      0x5eb build/Release/debug/_ext/1900123450/clock.o
 .debug_line    0x0000000000000f34      0x61c build/Release/debug/_ext/1900123450/gclk.o
 .debug_line    0x0000000000001550      0x356 build/Release/debug/_ext/980481618/pinmux.o
 .debug_line    0x00000000000018a6      0x259 build/Release/debug/_ext/227780132/system.o
 .debug_line    0x0000000000001aff      0x24b build/Release/debug/_ext/386045837/startup_samr21.o
 .debug_line    0x0000000000001d4a      0x3de build/Release/debug/_ext/1360937237/cpu-port.o
 .debug_line    0x0000000000002128      0x3c8 build/Release/debug/_ext/1360937237/rtos.o
 .debug_line    0x00000000000024f0      0x525 build/Release/debug/_ext/1360937237/main.o

.debug_str      0x0000000000000000     0x3f87
 .debug_str     0x0000000000000000      0x6c6 build/Release/debug/_ext/1939168694/interrupt_sam_nvic.o
                                        0x734 (size before relaxing)
 .debug_str     0x00000000000006c6      0x34e build/Release/debug/_ext/1350218445/board_init.o
                                        0xa25 (size before relaxing)
 .debug_str     0x0000000000000a14      0x18d build/Release/debug/_ext/876312722/port.o
                                        0xad0 (size before relaxing)
 .debug_str     0x0000000000000ba1     0x1bf8 build/Release/debug/_ext/1900123450/clock.o
                                       0x23d4 (size before relaxing)
 .debug_str     0x0000000000002799      0x28b build/Release/debug/_ext/1900123450/gclk.o
                                       0x11cf (size before relaxing)
 .debug_str     0x0000000000002a24       0xf4 build/Release/debug/_ext/980481618/pinmux.o
                                        0xafc (size before relaxing)
 .debug_str     0x0000000000002b18       0x47 build/Release/debug/_ext/227780132/system.o
                                        0x6e0 (size before relaxing)
 .debug_str     0x0000000000002b5f      0xf4a build/Release/debug/_ext/386045837/startup_samr21.o
                                       0x13bf (size before relaxing)
 .debug_str     0x0000000000003aa9      0x15f build/Release/debug/_ext/1360937237/cpu-port.o
                                        0xbb3 (size before relaxing)
 .debug_str     0x0000000000003c08      0x259 build/Release/debug/_ext/1360937237/rtos.o
                                        0xaff (size before relaxing)
 .debug_str     0x0000000000003e61      0x126 build/Release/debug/_ext/1360937237/main.o
                                        0xdaa (size before relaxing)

.debug_frame    0x0000000000000000      0x778
 .debug_frame   0x0000000000000000       0x30 build/Release/debug/_ext/1939168694/interrupt_sam_nvic.o
 .debug_frame   0x0000000000000030       0x34 build/Release/debug/_ext/1350218445/board_init.o
 .debug_frame   0x0000000000000064       0x48 build/Release/debug/_ext/876312722/port.o
 .debug_frame   0x00000000000000ac      0x184 build/Release/debug/_ext/1900123450/clock.o
 .debug_frame   0x0000000000000230      0x16c build/Release/debug/_ext/1900123450/gclk.o
 .debug_frame   0x000000000000039c       0x78 build/Release/debug/_ext/980481618/pinmux.o
 .debug_frame   0x0000000000000414       0x38 build/Release/debug/_ext/227780132/system.o
 .debug_frame   0x000000000000044c       0x3c build/Release/debug/_ext/386045837/startup_samr21.o
 .debug_frame   0x0000000000000488       0x80 build/Release/debug/_ext/1360937237/cpu-port.o
 .debug_frame   0x0000000000000508       0xf0 build/Release/debug/_ext/1360937237/rtos.o
 .debug_frame   0x00000000000005f8      0x134 build/Release/debug/_ext/1360937237/main.o
 .debug_frame   0x000000000000072c       0x20 /home/aluno/MPLAB/arm-none-eabi/bin/../lib/gcc/arm-none-eabi/6.3.1/thumb/v6-m/libgcc.a(_udivsi3.o)
 .debug_frame   0x000000000000074c       0x2c /home/aluno/MPLAB/arm-none-eabi/bin/../lib/gcc/arm-none-eabi/6.3.1/../../../../arm-none-eabi/lib/thumb/v6-m/libg_nano.a(lib_a-init.o)

.debug_loc      0x0000000000000000     0x1d2a
 .debug_loc     0x0000000000000000       0x7e build/Release/debug/_ext/1350218445/board_init.o
 .debug_loc     0x000000000000007e      0x125 build/Release/debug/_ext/876312722/port.o
 .debug_loc     0x00000000000001a3      0xd75 build/Release/debug/_ext/1900123450/clock.o
 .debug_loc     0x0000000000000f18      0x486 build/Release/debug/_ext/1900123450/gclk.o
 .debug_loc     0x000000000000139e      0x2b2 build/Release/debug/_ext/980481618/pinmux.o
 .debug_loc     0x0000000000001650       0x20 build/Release/debug/_ext/227780132/system.o
 .debug_loc     0x0000000000001670       0x4b build/Release/debug/_ext/386045837/startup_samr21.o
 .debug_loc     0x00000000000016bb      0x243 build/Release/debug/_ext/1360937237/cpu-port.o
 .debug_loc     0x00000000000018fe      0x1fe build/Release/debug/_ext/1360937237/rtos.o
 .debug_loc     0x0000000000001afc      0x22e build/Release/debug/_ext/1360937237/main.o

Cross Reference Table

Symbol                                            File
AC_Handler                                        build/Release/debug/_ext/386045837/startup_samr21.o
ADC_Handler                                       build/Release/debug/_ext/386045837/startup_samr21.o
ConfiguraMarcaTempo                               build/Release/debug/_ext/1360937237/cpu-port.o
                                                  build/Release/debug/_ext/1360937237/main.o
CriaContexto                                      build/Release/debug/_ext/1360937237/cpu-port.o
                                                  build/Release/debug/_ext/1360937237/rtos.o
CriaTarefa                                        build/Release/debug/_ext/1360937237/rtos.o
                                                  build/Release/debug/_ext/1360937237/main.o
DMAC_Handler                                      build/Release/debug/_ext/386045837/startup_samr21.o
Dummy_Handler                                     build/Release/debug/_ext/386045837/startup_samr21.o
EIC_Handler                                       build/Release/debug/_ext/386045837/startup_samr21.o
EVSYS_Handler                                     build/Release/debug/_ext/386045837/startup_samr21.o
ExecutaMarcaDeTempo                               build/Release/debug/_ext/1360937237/rtos.o
                                                  build/Release/debug/_ext/1360937237/cpu-port.o
HardFault_Handler                                 build/Release/debug/_ext/1360937237/cpu-port.o
                                                  build/Release/debug/_ext/386045837/startup_samr21.o
IniciaMultitarefas                                build/Release/debug/_ext/1360937237/rtos.o
                                                  build/Release/debug/_ext/1360937237/main.o
NMI_Handler                                       build/Release/debug/_ext/386045837/startup_samr21.o
NVMCTRL_Handler                                   build/Release/debug/_ext/386045837/startup_samr21.o
PILHA_TAREFA_1                                    build/Release/debug/_ext/1360937237/main.o
PILHA_TAREFA_2                                    build/Release/debug/_ext/1360937237/main.o
PILHA_TAREFA_3                                    build/Release/debug/_ext/1360937237/main.o
PILHA_TAREFA_4                                    build/Release/debug/_ext/1360937237/main.o
PILHA_TAREFA_5                                    build/Release/debug/_ext/1360937237/main.o
PILHA_TAREFA_6                                    build/Release/debug/_ext/1360937237/main.o
PILHA_TAREFA_7                                    build/Release/debug/_ext/1360937237/main.o
PILHA_TAREFA_8                                    build/Release/debug/_ext/1360937237/main.o
PILHA_TAREFA_OCIOSA                               build/Release/debug/_ext/1360937237/main.o
PM_Handler                                        build/Release/debug/_ext/386045837/startup_samr21.o
PTC_Handler                                       build/Release/debug/_ext/386045837/startup_samr21.o
PendSV_Handler                                    build/Release/debug/_ext/1360937237/cpu-port.o
                                                  build/Release/debug/_ext/386045837/startup_samr21.o
Prioridades                                       build/Release/debug/_ext/1360937237/rtos.o
RTC_Handler                                       build/Release/debug/_ext/386045837/startup_samr21.o
Reset_Handler                                     build/Release/debug/_ext/386045837/startup_samr21.o
SERCOM0_Handler                                   build/Release/debug/_ext/386045837/startup_samr21.o
SERCOM1_Handler                                   build/Release/debug/_ext/386045837/startup_samr21.o
SERCOM2_Handler                                   build/Release/debug/_ext/386045837/startup_samr21.o
SERCOM3_Handler                                   build/Release/debug/_ext/386045837/startup_samr21.o
SERCOM4_Handler                                   build/Release/debug/_ext/386045837/startup_samr21.o
SERCOM5_Handler                                   build/Release/debug/_ext/386045837/startup_samr21.o
SP                                                build/Release/debug/_ext/1360937237/rtos.o
                                                  build/Release/debug/_ext/1360937237/cpu-port.o
SVC_Handler                                       build/Release/debug/_ext/1360937237/cpu-port.o
                                                  build/Release/debug/_ext/386045837/startup_samr21.o
SYSCTRL_Handler                                   build/Release/debug/_ext/386045837/startup_samr21.o
SemaforoAguarda                                   build/Release/debug/_ext/1360937237/rtos.o
                                                  build/Release/debug/_ext/1360937237/main.o
SemaforoCheio                                     build/Release/debug/_ext/1360937237/main.o
SemaforoLibera                                    build/Release/debug/_ext/1360937237/rtos.o
                                                  build/Release/debug/_ext/1360937237/main.o
SemaforoTeste                                     build/Release/debug/_ext/1360937237/main.o
SemaforoVazio                                     build/Release/debug/_ext/1360937237/main.o
SysTick_Handler                                   build/Release/debug/_ext/1360937237/cpu-port.o
                                                  build/Release/debug/_ext/386045837/startup_samr21.o
SystemCoreClock                                   build/Release/debug/_ext/2084470165/system_samr21.o
SystemCoreClockUpdate                             build/Release/debug/_ext/2084470165/system_samr21.o
SystemInit                                        build/Release/debug/_ext/2084470165/system_samr21.o
TC3_Handler                                       build/Release/debug/_ext/386045837/startup_samr21.o
TC4_Handler                                       build/Release/debug/_ext/386045837/startup_samr21.o
TC5_Handler                                       build/Release/debug/_ext/386045837/startup_samr21.o
TCB                                               build/Release/debug/_ext/1360937237/rtos.o
TCC0_Handler                                      build/Release/debug/_ext/386045837/startup_samr21.o
TCC1_Handler                                      build/Release/debug/_ext/386045837/startup_samr21.o
TCC2_Handler                                      build/Release/debug/_ext/386045837/startup_samr21.o
TarefaContinua                                    build/Release/debug/_ext/1360937237/rtos.o
                                                  build/Release/debug/_ext/1360937237/main.o
TarefaEspera                                      build/Release/debug/_ext/1360937237/rtos.o
                                                  build/Release/debug/_ext/1360937237/main.o
TarefaSuspende                                    build/Release/debug/_ext/1360937237/rtos.o
                                                  build/Release/debug/_ext/1360937237/main.o
TrocaContextoDasTarefas                           build/Release/debug/_ext/1360937237/rtos.o
                                                  build/Release/debug/_ext/1360937237/cpu-port.o
USB_Handler                                       build/Release/debug/_ext/386045837/startup_samr21.o
WDT_Handler                                       build/Release/debug/_ext/386045837/startup_samr21.o
_Jv_RegisterClasses                               /home/aluno/MPLAB/arm-none-eabi/bin/../lib/gcc/arm-none-eabi/6.3.1/thumb/v6-m/crtbegin.o
__aeabi_idiv                                      /home/aluno/MPLAB/arm-none-eabi/bin/../lib/gcc/arm-none-eabi/6.3.1/thumb/v6-m/libgcc.a(_divsi3.o)
__aeabi_idiv0                                     /home/aluno/MPLAB/arm-none-eabi/bin/../lib/gcc/arm-none-eabi/6.3.1/thumb/v6-m/libgcc.a(_dvmd_tls.o)
                                                  /home/aluno/MPLAB/arm-none-eabi/bin/../lib/gcc/arm-none-eabi/6.3.1/thumb/v6-m/libgcc.a(_divsi3.o)
                                                  /home/aluno/MPLAB/arm-none-eabi/bin/../lib/gcc/arm-none-eabi/6.3.1/thumb/v6-m/libgcc.a(_udivsi3.o)
__aeabi_idivmod                                   /home/aluno/MPLAB/arm-none-eabi/bin/../lib/gcc/arm-none-eabi/6.3.1/thumb/v6-m/libgcc.a(_divsi3.o)
                                                  build/Release/debug/_ext/1360937237/main.o
__aeabi_ldiv0                                     /home/aluno/MPLAB/arm-none-eabi/bin/../lib/gcc/arm-none-eabi/6.3.1/thumb/v6-m/libgcc.a(_dvmd_tls.o)
__aeabi_uidiv                                     /home/aluno/MPLAB/arm-none-eabi/bin/../lib/gcc/arm-none-eabi/6.3.1/thumb/v6-m/libgcc.a(_udivsi3.o)
                                                  build/Release/debug/_ext/1360937237/cpu-port.o
                                                  build/Release/debug/_ext/1900123450/gclk.o
                                                  build/Release/debug/_ext/1900123450/clock.o
__aeabi_uidivmod                                  /home/aluno/MPLAB/arm-none-eabi/bin/../lib/gcc/arm-none-eabi/6.3.1/thumb/v6-m/libgcc.a(_udivsi3.o)
__bss_end__                                       /home/aluno/MPLAB/arm-none-eabi/bin/../lib/gcc/arm-none-eabi/6.3.1/../../../../arm-none-eabi/lib/thumb/v6-m/crt0.o
__bss_start__                                     /home/aluno/MPLAB/arm-none-eabi/bin/../lib/gcc/arm-none-eabi/6.3.1/../../../../arm-none-eabi/lib/thumb/v6-m/crt0.o
__call_exitprocs                                  /home/aluno/MPLAB/arm-none-eabi/bin/../lib/gcc/arm-none-eabi/6.3.1/../../../../arm-none-eabi/lib/thumb/v6-m/libg_nano.a(lib_a-exit.o)
__deregister_frame_info                           /home/aluno/MPLAB/arm-none-eabi/bin/../lib/gcc/arm-none-eabi/6.3.1/thumb/v6-m/crtbegin.o
__divsi3                                          /home/aluno/MPLAB/arm-none-eabi/bin/../lib/gcc/arm-none-eabi/6.3.1/thumb/v6-m/libgcc.a(_divsi3.o)
__dso_handle                                      /home/aluno/MPLAB/arm-none-eabi/bin/../lib/gcc/arm-none-eabi/6.3.1/thumb/v6-m/crtbegin.o
__gnu_thumb1_case_uqi                             /home/aluno/MPLAB/arm-none-eabi/bin/../lib/gcc/arm-none-eabi/6.3.1/thumb/v6-m/libgcc.a(_thumb1_case_uqi.o)
                                                  build/Release/debug/_ext/1900123450/clock.o
__init_array_end                                  /home/aluno/MPLAB/arm-none-eabi/bin/../lib/gcc/arm-none-eabi/6.3.1/../../../../arm-none-eabi/lib/thumb/v6-m/libg_nano.a(lib_a-init.o)
__init_array_start                                /home/aluno/MPLAB/arm-none-eabi/bin/../lib/gcc/arm-none-eabi/6.3.1/../../../../arm-none-eabi/lib/thumb/v6-m/libg_nano.a(lib_a-init.o)
__libc_fini_array                                 /home/aluno/MPLAB/arm-none-eabi/bin/../lib/gcc/arm-none-eabi/6.3.1/../../../../arm-none-eabi/lib/thumb/v6-m/crt0.o
__libc_init_array                                 /home/aluno/MPLAB/arm-none-eabi/bin/../lib/gcc/arm-none-eabi/6.3.1/../../../../arm-none-eabi/lib/thumb/v6-m/libg_nano.a(lib_a-init.o)
                                                  build/Release/debug/_ext/386045837/startup_samr21.o
                                                  /home/aluno/MPLAB/arm-none-eabi/bin/../lib/gcc/arm-none-eabi/6.3.1/../../../../arm-none-eabi/lib/thumb/v6-m/crt0.o
__preinit_array_end                               /home/aluno/MPLAB/arm-none-eabi/bin/../lib/gcc/arm-none-eabi/6.3.1/../../../../arm-none-eabi/lib/thumb/v6-m/libg_nano.a(lib_a-init.o)
__preinit_array_start                             /home/aluno/MPLAB/arm-none-eabi/bin/../lib/gcc/arm-none-eabi/6.3.1/../../../../arm-none-eabi/lib/thumb/v6-m/libg_nano.a(lib_a-init.o)
__register_frame_info                             /home/aluno/MPLAB/arm-none-eabi/bin/../lib/gcc/arm-none-eabi/6.3.1/thumb/v6-m/crtbegin.o
__sf_fake_stderr                                  /home/aluno/MPLAB/arm-none-eabi/bin/../lib/gcc/arm-none-eabi/6.3.1/../../../../arm-none-eabi/lib/thumb/v6-m/libg_nano.a(lib_a-impure.o)
__sf_fake_stdin                                   /home/aluno/MPLAB/arm-none-eabi/bin/../lib/gcc/arm-none-eabi/6.3.1/../../../../arm-none-eabi/lib/thumb/v6-m/libg_nano.a(lib_a-impure.o)
__sf_fake_stdout                                  /home/aluno/MPLAB/arm-none-eabi/bin/../lib/gcc/arm-none-eabi/6.3.1/../../../../arm-none-eabi/lib/thumb/v6-m/libg_nano.a(lib_a-impure.o)
__stack                                           /home/aluno/MPLAB/arm-none-eabi/bin/../lib/gcc/arm-none-eabi/6.3.1/../../../../arm-none-eabi/lib/thumb/v6-m/crt0.o
__udivsi3                                         /home/aluno/MPLAB/arm-none-eabi/bin/../lib/gcc/arm-none-eabi/6.3.1/thumb/v6-m/libgcc.a(_udivsi3.o)
_close                                            build/Release/debug/_ext/1284275751/syscalls.o
_end                                              build/Release/debug/_ext/1284275751/syscalls.o
_erelocate                                        build/Release/debug/_ext/386045837/startup_samr21.o
_estack                                           build/Release/debug/_ext/386045837/startup_samr21.o
_etext                                            build/Release/debug/_ext/386045837/startup_samr21.o
_exit                                             build/Release/debug/_ext/1284275751/syscalls.o
                                                  /home/aluno/MPLAB/arm-none-eabi/bin/../lib/gcc/arm-none-eabi/6.3.1/../../../../arm-none-eabi/lib/thumb/v6-m/libg_nano.a(lib_a-exit.o)
_ezero                                            build/Release/debug/_ext/386045837/startup_samr21.o
_fini                                             /home/aluno/MPLAB/arm-none-eabi/bin/../lib/gcc/arm-none-eabi/6.3.1/thumb/v6-m/crti.o
_fstat                                            build/Release/debug/_ext/1284275751/syscalls.o
_getpid                                           build/Release/debug/_ext/1284275751/syscalls.o
_global_impure_ptr                                /home/aluno/MPLAB/arm-none-eabi/bin/../lib/gcc/arm-none-eabi/6.3.1/../../../../arm-none-eabi/lib/thumb/v6-m/libg_nano.a(lib_a-impure.o)
                                                  /home/aluno/MPLAB/arm-none-eabi/bin/../lib/gcc/arm-none-eabi/6.3.1/../../../../arm-none-eabi/lib/thumb/v6-m/libg_nano.a(lib_a-exit.o)
_impure_ptr                                       /home/aluno/MPLAB/arm-none-eabi/bin/../lib/gcc/arm-none-eabi/6.3.1/../../../../arm-none-eabi/lib/thumb/v6-m/libg_nano.a(lib_a-impure.o)
_init                                             /home/aluno/MPLAB/arm-none-eabi/bin/../lib/gcc/arm-none-eabi/6.3.1/thumb/v6-m/crti.o
                                                  /home/aluno/MPLAB/arm-none-eabi/bin/../lib/gcc/arm-none-eabi/6.3.1/../../../../arm-none-eabi/lib/thumb/v6-m/libg_nano.a(lib_a-init.o)
_isatty                                           build/Release/debug/_ext/1284275751/syscalls.o
_kill                                             build/Release/debug/_ext/1284275751/syscalls.o
_lseek                                            build/Release/debug/_ext/1284275751/syscalls.o
_mainCRTStartup                                   /home/aluno/MPLAB/arm-none-eabi/bin/../lib/gcc/arm-none-eabi/6.3.1/../../../../arm-none-eabi/lib/thumb/v6-m/crt0.o
_sbrk                                             build/Release/debug/_ext/1284275751/syscalls.o
_sfixed                                           build/Release/debug/_ext/386045837/startup_samr21.o
_srelocate                                        build/Release/debug/_ext/386045837/startup_samr21.o
_start                                            /home/aluno/MPLAB/arm-none-eabi/bin/../lib/gcc/arm-none-eabi/6.3.1/../../../../arm-none-eabi/lib/thumb/v6-m/crt0.o
_system_divas_init                                build/Release/debug/_ext/227780132/system.o
_system_dummy_init                                build/Release/debug/_ext/227780132/system.o
_system_events_init                               build/Release/debug/_ext/227780132/system.o
_system_extint_init                               build/Release/debug/_ext/227780132/system.o
_szero                                            build/Release/debug/_ext/386045837/startup_samr21.o
atexit                                            /home/aluno/MPLAB/arm-none-eabi/bin/../lib/gcc/arm-none-eabi/6.3.1/../../../../arm-none-eabi/lib/thumb/v6-m/crt0.o
board_init                                        build/Release/debug/_ext/1350218445/board_init.o
buffer                                            build/Release/debug/_ext/1360937237/main.o
cpu_irq_enter_critical                            build/Release/debug/_ext/1939168694/interrupt_sam_nvic.o
                                                  build/Release/debug/_ext/1900123450/gclk.o
cpu_irq_leave_critical                            build/Release/debug/_ext/1939168694/interrupt_sam_nvic.o
                                                  build/Release/debug/_ext/1900123450/gclk.o
escalonador                                       build/Release/debug/_ext/1360937237/rtos.o
exception_table                                   build/Release/debug/_ext/386045837/startup_samr21.o
exit                                              /home/aluno/MPLAB/arm-none-eabi/bin/../lib/gcc/arm-none-eabi/6.3.1/../../../../arm-none-eabi/lib/thumb/v6-m/libg_nano.a(lib_a-exit.o)
                                                  /home/aluno/MPLAB/arm-none-eabi/bin/../lib/gcc/arm-none-eabi/6.3.1/../../../../arm-none-eabi/lib/thumb/v6-m/crt0.o
g_interrupt_enabled                               build/Release/debug/_ext/1939168694/interrupt_sam_nvic.o
hardware_init_hook                                /home/aluno/MPLAB/arm-none-eabi/bin/../lib/gcc/arm-none-eabi/6.3.1/../../../../arm-none-eabi/lib/thumb/v6-m/crt0.o
link                                              build/Release/debug/_ext/1284275751/syscalls.o
main                                              build/Release/debug/_ext/1360937237/main.o
                                                  build/Release/debug/_ext/386045837/startup_samr21.o
                                                  /home/aluno/MPLAB/arm-none-eabi/bin/../lib/gcc/arm-none-eabi/6.3.1/../../../../arm-none-eabi/lib/thumb/v6-m/crt0.o
memset                                            /home/aluno/MPLAB/arm-none-eabi/bin/../lib/gcc/arm-none-eabi/6.3.1/../../../../arm-none-eabi/lib/thumb/v6-m/libg_nano.a(lib_a-memset.o)
                                                  /home/aluno/MPLAB/arm-none-eabi/bin/../lib/gcc/arm-none-eabi/6.3.1/../../../../arm-none-eabi/lib/thumb/v6-m/crt0.o
ponteiro_de_pilha                                 build/Release/debug/_ext/1360937237/rtos.o
port_group_set_config                             build/Release/debug/_ext/876312722/port.o
port_pin_set_config                               build/Release/debug/_ext/876312722/port.o
                                                  build/Release/debug/_ext/1350218445/board_init.o
proxima_tarefa                                    build/Release/debug/_ext/1360937237/rtos.o
software_init_hook                                /home/aluno/MPLAB/arm-none-eabi/bin/../lib/gcc/arm-none-eabi/6.3.1/../../../../arm-none-eabi/lib/thumb/v6-m/crt0.o
system_board_init                                 build/Release/debug/_ext/1350218445/board_init.o
system_clock_init                                 build/Release/debug/_ext/1900123450/clock.o
system_clock_source_dfll_set_config               build/Release/debug/_ext/1900123450/clock.o
system_clock_source_disable                       build/Release/debug/_ext/1900123450/clock.o
system_clock_source_dpll_set_config               build/Release/debug/_ext/1900123450/clock.o
system_clock_source_enable                        build/Release/debug/_ext/1900123450/clock.o
system_clock_source_get_hz                        build/Release/debug/_ext/1900123450/clock.o
                                                  build/Release/debug/_ext/1900123450/gclk.o
system_clock_source_is_ready                      build/Release/debug/_ext/1900123450/clock.o
system_clock_source_osc32k_set_config             build/Release/debug/_ext/1900123450/clock.o
system_clock_source_osc8m_set_config              build/Release/debug/_ext/1900123450/clock.o
system_clock_source_write_calibration             build/Release/debug/_ext/1900123450/clock.o
system_clock_source_xosc32k_set_config            build/Release/debug/_ext/1900123450/clock.o
system_clock_source_xosc_set_config               build/Release/debug/_ext/1900123450/clock.o
system_gclk_chan_disable                          build/Release/debug/_ext/1900123450/gclk.o
system_gclk_chan_enable                           build/Release/debug/_ext/1900123450/gclk.o
system_gclk_chan_get_hz                           build/Release/debug/_ext/1900123450/gclk.o
                                                  build/Release/debug/_ext/1900123450/clock.o
system_gclk_chan_is_enabled                       build/Release/debug/_ext/1900123450/gclk.o
system_gclk_chan_is_locked                        build/Release/debug/_ext/1900123450/gclk.o
system_gclk_chan_lock                             build/Release/debug/_ext/1900123450/gclk.o
system_gclk_chan_set_config                       build/Release/debug/_ext/1900123450/gclk.o
                                                  build/Release/debug/_ext/1900123450/clock.o
system_gclk_gen_disable                           build/Release/debug/_ext/1900123450/gclk.o
system_gclk_gen_enable                            build/Release/debug/_ext/1900123450/gclk.o
                                                  build/Release/debug/_ext/1900123450/clock.o
system_gclk_gen_get_hz                            build/Release/debug/_ext/1900123450/gclk.o
                                                  build/Release/debug/_ext/1360937237/cpu-port.o
system_gclk_gen_is_enabled                        build/Release/debug/_ext/1900123450/gclk.o
system_gclk_gen_set_config                        build/Release/debug/_ext/1900123450/gclk.o
                                                  build/Release/debug/_ext/1900123450/clock.o
system_gclk_init                                  build/Release/debug/_ext/1900123450/gclk.o
                                                  build/Release/debug/_ext/1900123450/clock.o
system_init                                       build/Release/debug/_ext/227780132/system.o
                                                  build/Release/debug/_ext/1360937237/main.o
system_interrupt_clear_pending                    build/Release/debug/_ext/1234282992/system_interrupt.o
system_interrupt_get_priority                     build/Release/debug/_ext/1234282992/system_interrupt.o
system_interrupt_is_pending                       build/Release/debug/_ext/1234282992/system_interrupt.o
system_interrupt_set_pending                      build/Release/debug/_ext/1234282992/system_interrupt.o
system_interrupt_set_priority                     build/Release/debug/_ext/1234282992/system_interrupt.o
system_pinmux_group_set_config                    build/Release/debug/_ext/980481618/pinmux.o
                                                  build/Release/debug/_ext/876312722/port.o
system_pinmux_group_set_input_sample_mode         build/Release/debug/_ext/980481618/pinmux.o
system_pinmux_pin_set_config                      build/Release/debug/_ext/980481618/pinmux.o
                                                  build/Release/debug/_ext/876312722/port.o
tarefa_1                                          build/Release/debug/_ext/1360937237/main.o
tarefa_2                                          build/Release/debug/_ext/1360937237/main.o
tarefa_3                                          build/Release/debug/_ext/1360937237/main.o
tarefa_4                                          build/Release/debug/_ext/1360937237/main.o
tarefa_5                                          build/Release/debug/_ext/1360937237/main.o
tarefa_6                                          build/Release/debug/_ext/1360937237/main.o
tarefa_7                                          build/Release/debug/_ext/1360937237/main.o
tarefa_8                                          build/Release/debug/_ext/1360937237/main.o
tarefa_atual                                      build/Release/debug/_ext/1360937237/rtos.o
tarefa_ociosa                                     build/Release/debug/_ext/1360937237/rtos.o
                                                  build/Release/debug/_ext/1360937237/main.o
tarefa_pisca                                      build/Release/debug/_ext/1360937237/main.o
